// Jest Snapshot v1, https://goo.gl/fbAQLP

exports[`Modal.vue should render without errors and match snapshot renders correctly 1`] = `
<div
  class="modal"
>
  <div
    class="modal__overlay"
  >
    <div
      class="modal__content"
    >
      <header
        class="modal__header"
      >
        <h4>
          Modal header
        </h4>
        <button
          class="modal__close-button"
        >
           x 
        </button>
      </header>
      <main>
        <p
          class="modal__message"
        />
      </main>
      <footer
        class="modal__footer"
      >
        <button
          aria-label="Click to close the error modal."
          class="modal__ok-button"
        >
           ok 
        </button>
      </footer>
    </div>
  </div>
</div>
`;
